// Jest Snapshot v1, https://goo.gl/fbAQLP

exports[`renders correctly 1`] = `
Array [
  <h1
    className="titles"
  >
    Categories
  </h1>,
  <div
    className="flex categories-container"
  >
    <button
      className="cat-item"
      onClick={[Function]}
      type="button"
    >
      <div
        className="category"
      >
        <img
          alt="Category"
          src="https://www.themealdb.com/images/category/beef.png"
        />
        <div
          className="cat-name tooltip"
        >
          Beef
          <span
            className="category-desc tooltiptext"
          >
            Beef is the culinary name for meat from cattle
          </span>
        </div>
      </div>
    </button>
    <button
      className="cat-item"
      onClick={[Function]}
      type="button"
    >
      <div
        className="category"
      >
        <img
          alt="Category"
          src="https://www.themealdb.com/images/category/beef.png"
        />
        <div
          className="cat-name tooltip"
        >
          Lamb
          <span
            className="category-desc tooltiptext"
          >
            Lamb is ...
          </span>
        </div>
      </div>
    </button>
  </div>,
]
`;
