// Jest Snapshot v1, https://goo.gl/fbAQLP

exports[`renders correctly 1`] = `
<table>
  <tr>
    <th>
      No
    </th>
    <th>
      Ingredients
    </th>
    <th>
      Measure
    </th>
  </tr>
  <tr>
    <td>
      1
    </td>
    <td>
      strIngredient1
    </td>
    <td>
      strMeasure1
    </td>
  </tr>
  <tr>
    <td>
      2
    </td>
    <td>
      strIngredient2
    </td>
    <td>
      strMeasure2
    </td>
  </tr>
  <tr>
    <td>
      3
    </td>
    <td>
      strIngredient3
    </td>
    <td>
      strMeasure3
    </td>
  </tr>
  <tr>
    <td>
      4
    </td>
    <td>
      strIngredient4
    </td>
    <td>
      strMeasure4
    </td>
  </tr>
  <tr>
    <td>
      5
    </td>
    <td>
      strIngredient5
    </td>
    <td>
      strMeasure5
    </td>
  </tr>
  <tr>
    <td>
      6
    </td>
    <td>
      strIngredient6
    </td>
    <td>
      strMeasure6
    </td>
  </tr>
  <tr>
    <td>
      7
    </td>
    <td>
      strIngredient7
    </td>
    <td>
      strMeasure7
    </td>
  </tr>
  <tr>
    <td>
      8
    </td>
    <td>
      strIngredient8
    </td>
    <td>
      strMeasure8
    </td>
  </tr>
  <tr>
    <td>
      9
    </td>
    <td>
      strIngredient9
    </td>
    <td>
      strMeasure9
    </td>
  </tr>
  <tr>
    <td>
      10
    </td>
    <td>
      strIngredient10
    </td>
    <td>
      strMeasure10
    </td>
  </tr>
  
  
  
  
  
  
  
  
  
  
</table>
`;
